[backblue.gif]
[fade.gif]
[index.html]
[www.judes.com/assets/css/maincf5b.css]
[www.judes.com/assets/javascript/maincf5b.js]
[use.typekit.net/yvn3scx.js]
[www.judes.com/assets/images/resize/box/1726.jpg]
[www.judes.com/assets/images/resize/box/2478.jpg]
[www.judes.com/assets/images/resize/box/2561.png]
[www.judes.com/assets/images/resize/box/2560.png]
[www.judes.com/assets/images/resize/box/2528.jpg]
[www.judes.com/assets/images/resize/box/2555.png]
[www.judes.com/assets/images/resize/original/2562.jpg]
[www.judes.com/assets/images/resize/original/2563.jpg]
[www.judes.com/assets/images/resize/original/2770.jpg]
[www.judes.com/assets/images/resize/original/2705.jpg]
[www.judes.com/assets/images/resize/original/2703.jpg]
[www.judes.com/assets/images/resize/original/2702.jpg]
[www.judes.com/assets/images/resize/original/2700.jpg]
[www.judes.com/assets/images/resize/original/2530.png]
[www.judes.com/assets/images/resize/original/2531.png]
[www.judes.com/assets/images/resize/original/2532.png]
[www.judes.com/assets/images/resize/original/2533.png]
[www.judes.com/assets/images/resize/original/2534.png]
[www.judes.com/assets/images/resize/original/2535.png]
[www.judes.com/assets/images/resize/original/2536.png]
[www.judes.com/index.html]
[www.googletagmanager.com/gtm5445.html]
[www.judes.com/fonts/HandDrawnShapes.eot]
[www.judes.com/fonts/HandDrawnShapesd41d.eot]
[www.judes.com/fonts/HandDrawnShapes.woff]
[www.judes.com/fonts/HandDrawnShapes.ttf]
[www.judes.com/images/pop-up-close.png]
[www.judes.com/images/pop-up-close@x2.png]
[www.judes.com/images/pop-up-cone-top.png]
[www.judes.com/images/pop-up-cone-top@x2.png]
[www.judes.com/images/pop-up-cone-bottom.png]
[www.judes.com/images/pop-up-cone-bottom@x2.png]
[www.judes.com/images/flag-uk.png]
[www.judes.com/images/flag-uk@x2.png]
[www.judes.com/images/flag-eu.png]
[www.judes.com/images/flag-eu@x2.png]
[www.judes.com/images/circle-icons/default-email.png]
[www.judes.com/images/circle-icons/default-email@x2.png]
[www.judes.com/images/circle-icons/default-tiktok.png]
[www.judes.com/images/circle-icons/default-tiktok@x2.png]
[www.judes.com/images/circle-icons/default-facebook.png]
[www.judes.com/images/circle-icons/default-facebook@x2.png]
[www.judes.com/images/circle-icons/default-twitter.png]
[www.judes.com/images/circle-icons/default-twitter@x2.png]
[www.judes.com/images/circle-icons/default-instagram.png]
[www.judes.com/images/circle-icons/default-instagram@x2.png]
[www.judes.com/images/circle-icons/default-pinterest.png]
[www.judes.com/images/circle-icons/default-pinterest@x2.png]
[www.judes.com/images/circle-icons/win-facebook.png]
[www.judes.com/images/circle-icons/win-facebook@x2.png]
[www.judes.com/images/circle-icons/win-twitter.png]
[www.judes.com/images/circle-icons/win-twitter@x2.png]
[www.judes.com/images/circle-icons/win-instagram.png]
[www.judes.com/images/circle-icons/win-instagram@x2.png]
[www.judes.com/images/circle-icons/win-pinterest.png]
[www.judes.com/images/circle-icons/win-pinterest@x2.png]
[www.judes.com/images/alert-icon-cross.png]
[www.judes.com/images/alert-icon-cross@x2.png]
[www.judes.com/images/alert-icon-tick.png]
[www.judes.com/images/alert-icon-tick@x2.png]
[www.judes.com/images/icon-cross.png]
[www.judes.com/images/icon-cross@x2.png]
[www.judes.com/images/win-tick.png]
[www.judes.com/images/win-tick@x2.png]
[www.judes.com/images/logo.png]
[www.judes.com/images/logo@x2.png]
[www.judes.com/images/404-icon.png]
[www.judes.com/images/404-icon@x2.png]
[www.judes.com/images/kids/border-green2.png]
[www.judes.com/images/kids/border-green2@x2.png]
[www.judes.com/images/kids/border-green3.png]
[www.judes.com/images/kids/border-green3@x2.png]
[www.judes.com/images/kids/bee.png]
[www.judes.com/images/kids/bee@x2.png]
[www.judes.com/images/kids/lunchbox.png]
[www.judes.com/images/kids/lunchbox@x2.png]
[www.judes.com/images/kids/speech-bird.gif]
[www.judes.com/images/kids/speech-bird@x2.gif]
[www.judes.com/images/kids/speech-bird-icecream.png]
[www.judes.com/images/kids/speech-bird-icecream@x2.png]
[www.judes.com/images/kids/speech-bird-milk.png]
[www.judes.com/images/kids/speech-bird-milk@x2.png]
[www.judes.com/images/kids/title-legs.png]
[www.judes.com/images/kids/title-legs@x2.png]
[www.judes.com/images/kids/vitamin-d.png]
[www.judes.com/images/kids/vitamin-d@x2.png]
[www.judes.com/images/kids/refined-sugars.png]
[www.judes.com/images/kids/refined-sugars@x2.png]
[www.judes.com/images/kids/naturally-sourced.png]
[www.judes.com/images/kids/naturally-sourced@x2.png]
[www.judes.com/images/kids/sainsburys.png]
[www.judes.com/images/kids/sainsburys@x2.png]
[www.judes.com/images/kids/ocado.png]
[www.judes.com/images/kids/ocado@x2.png]
[www.judes.com/images/kids/cow.png]
[www.judes.com/images/kids/cow@x2.png]
[www.judes.com/images/kids/vanilla-ice-cream.png]
[www.judes.com/images/kids/vanilla-ice-cream@x2.png]
[www.judes.com/images/kids/strawberry-ice-cream.png]
[www.judes.com/images/kids/strawberry-ice-cream@x2.png]
[www.judes.com/images/kids/chocolate-ice-cream.png]
[www.judes.com/images/kids/chocolate-ice-cream@x2.png]
[www.judes.com/images/kids/chocolate-milk.png]
[www.judes.com/images/kids/chocolate-milk@x2.png]
[www.judes.com/images/kids/banana-milk.png]
[www.judes.com/images/kids/banana-milk@x2.png]
[www.judes.com/images/kids/join-left.png]
[www.judes.com/images/kids/join-left@x2.png]
[www.judes.com/images/kids/join-right.png]
[www.judes.com/images/kids/join-right@x2.png]
[www.judes.com/images/storelocator/icon-title.png]
[www.judes.com/images/storelocator/icon-title@x2.png]
[www.judes.com/images/storelocator/icon-tubs.png]
[www.judes.com/images/storelocator/icon-tubs@x2.png]
[www.judes.com/images/storelocator/icon-milks.png]
[www.judes.com/images/storelocator/icon-milks@x2.png]
[www.judes.com/images/storelocator/icon-lollies.png]
[www.judes.com/images/storelocator/icon-lollies@x2.png]
[www.judes.com/images/storelocator/icon-lowercal.png]
[www.judes.com/images/storelocator/icon-lowercal@x2.png]
[www.judes.com/images/storelocator/icon-minis.png]
[www.judes.com/images/storelocator/icon-minis@x2.png]
[www.judes.com/images/storelocator/icon-milkshakes.png]
[www.judes.com/images/storelocator/icon-milkshakes@x2.png]
[www.judes.com/images/storelocator/icon-rockets.png]
[www.judes.com/images/storelocator/icon-rockets@x2.png]
[www.judes.com/images/storelocator/icon-vegan.png]
[www.judes.com/images/storelocator/icon-vegan@x2.png]
[www.judes.com/images/storelocator/icon-scooping.png]
[www.judes.com/images/storelocator/icon-scooping@x2.png]
[www.judes.com/images/storelocator/icon-sauces.png]
[www.judes.com/images/storelocator/icon-sauces@x2.png]
[www.judes.com/images/storelocator/icon-custard.png]
[www.judes.com/images/storelocator/icon-custard@x2.png]
[www.judes.com/images/footer-great-taste.png]
[www.judes.com/images/footer-great-taste@x2.png]
[www.judes.com/images/footer-living-wage.png]
[www.judes.com/images/footer-living-wage@x2.png]
[www.judes.com/images/footer-cool-brands.png]
[www.judes.com/images/footer-cool-brands@x2.png]
[www.judes.com/images/footer-bcorp.png]
[www.judes.com/images/footer-bcorp@x2.png]
[www.judes.com/images/switcher-uk.png]
[www.judes.com/images/switcher-uk@x2.png]
[www.judes.com/images/switcher-eu.png]
[www.judes.com/images/switcher-eu@x2.png]
[www.judes.com/assets/css/maincf5b.css]
[www.judes.com/downloads/judes-impact-report-2022.pdf]
[www.judes.com/assets/images/resize/box/2285.jpg]
[www.judes.com/assets/images/resize/box/991.png]
[www.judes.com/carbon-cutting.html]
[www.judes.com/assets/images/resize/half/2627.png]
[www.judes.com/assets/images/resize/original/2627.png]
[www.judes.com/assets/images/resize/half/2502.png]
[www.judes.com/assets/images/resize/original/2502.png]
[www.judes.com/assets/images/resize/half/2206.png]
[www.judes.com/assets/images/resize/original/2206.png]
[www.judes.com/assets/images/resize/half/2207.png]
[www.judes.com/assets/images/resize/original/2207.png]
[www.judes.com/assets/images/resize/half/2126.png]
[www.judes.com/assets/images/resize/original/2126.png]
[www.judes.com/assets/images/resize/half/2208.png]
[www.judes.com/assets/images/resize/original/2208.png]
[www.judes.com/assets/images/resize/half/2103.png]
[www.judes.com/assets/images/resize/original/2103.png]
[www.judes.com/assets/images/resize/half/2104.png]
[www.judes.com/assets/images/resize/original/2104.png]
[www.judes.com/assets/images/resize/half/2105.png]
[www.judes.com/assets/images/resize/original/2105.png]
[www.judes.com/assets/images/resize/half/2227.png]
[www.judes.com/assets/images/resize/original/2227.png]
[www.judes.com/assets/images/resize/half/2102.png]
[www.judes.com/assets/images/resize/original/2102.png]
[www.judes.com/assets/images/resize/half/2135.png]
[www.judes.com/assets/images/resize/original/2135.png]
[www.judes.com/assets/images/resize/half/2136.png]
[www.judes.com/assets/images/resize/original/2136.png]
[www.judes.com/assets/images/resize/half/2231.png]
[www.judes.com/assets/images/resize/original/2231.png]
[www.judes.com/assets/images/resize/half/2142.png]
[www.judes.com/assets/images/resize/original/2142.png]
[www.judes.com/assets/images/resize/half/2202.png]
[www.judes.com/assets/images/resize/original/2202.png]
[www.judes.com/assets/images/resize/half/2200.png]
[www.judes.com/assets/images/resize/original/2200.png]
[www.judes.com/assets/images/resize/half/2193.png]
[www.judes.com/assets/images/resize/original/2193.png]
[www.judes.com/assets/images/resize/half/2494.png]
[www.judes.com/assets/images/resize/original/2494.png]
[www.judes.com/assets/images/resize/half/2146.png]
[www.judes.com/assets/images/resize/original/2146.png]
[www.judes.com/assets/images/resize/half/2147.png]
[www.judes.com/assets/images/resize/original/2147.png]
[www.judes.com/assets/images/resize/half/2199.png]
[www.judes.com/assets/images/resize/original/2199.png]
[www.judes.com/assets/images/resize/half/2148.png]
[www.judes.com/assets/images/resize/original/2148.png]
[www.judes.com/assets/images/resize/half/2495.png]
[www.judes.com/assets/images/resize/original/2495.png]
[www.judes.com/assets/images/resize/half/2144.png]
[www.judes.com/assets/images/resize/original/2144.png]
[www.judes.com/assets/images/resize/half/2164.png]
[www.judes.com/assets/images/resize/original/2164.png]
[www.judes.com/assets/images/resize/half/2151.png]
[www.judes.com/assets/images/resize/original/2151.png]
[www.judes.com/assets/images/resize/half/2156.png]
[www.judes.com/assets/images/resize/original/2156.png]
[www.judes.com/assets/images/resize/half/2150.png]
[www.judes.com/assets/images/resize/original/2150.png]
[www.judes.com/assets/images/resize/half/2152.png]
[www.judes.com/assets/images/resize/original/2152.png]
[www.judes.com/assets/images/resize/half/2153.png]
[www.judes.com/assets/images/resize/original/2153.png]
[www.judes.com/assets/images/resize/half/2154.png]
[www.judes.com/assets/images/resize/original/2154.png]
[www.judes.com/assets/images/resize/half/2157.png]
[www.judes.com/assets/images/resize/original/2157.png]
[www.judes.com/assets/images/resize/half/2158.png]
[www.judes.com/assets/images/resize/original/2158.png]
[www.judes.com/assets/images/resize/half/2159.png]
[www.judes.com/assets/images/resize/original/2159.png]
[www.judes.com/assets/images/resize/half/2167.png]
[www.judes.com/assets/images/resize/original/2167.png]
[www.judes.com/assets/images/resize/half/2110.png]
[www.judes.com/assets/images/resize/original/2110.png]
[www.judes.com/assets/images/resize/half/2111.png]
[www.judes.com/assets/images/resize/original/2111.png]
[www.judes.com/assets/images/resize/half/2477.png]
[www.judes.com/assets/images/resize/original/2477.png]
[www.judes.com/assets/images/resize/half/2315.png]
[www.judes.com/assets/images/resize/original/2315.png]
[www.judes.com/assets/images/resize/photo-medium/2711.png]
[www.judes.com/assets/images/resize/photo-medium/2713.png]
[www.judes.com/assets/images/resize/photo-medium/2714.png]
[www.judes.com/assets/images/resize/photo-medium/2715.png]
[www.judes.com/assets/images/resize/photo-medium/2716.png]
[www.judes.com/assets/images/resize/photo-medium/2717.png]
[www.judes.com/assets/images/resize/photo-medium/2718.png]
[www.judes.com/assets/images/resize/photo-medium/2719.png]
[www.judes.com/assets/images/resize/photo-medium/2720.png]
[www.judes.com/assets/images/resize/photo-medium/2721.png]
[www.judes.com/assets/images/resize/photo-medium/2722.png]
[www.judes.com/assets/images/resize/photo-medium/2723.png]
[www.judes.com/assets/images/resize/photo-medium/2725.png]
[www.judes.com/assets/images/resize/photo-medium/2726.png]
[www.judes.com/assets/images/resize/photo-medium/2727.png]
[www.judes.com/assets/images/resize/photo-medium/2732.png]
[www.judes.com/assets/images/resize/photo-medium/2729.png]
[www.judes.com/assets/images/resize/photo-medium/2730.png]
[www.judes.com/assets/images/resize/photo-medium/2733.png]
[www.judes.com/assets/images/resize/photo-medium/2734.png]
[www.judes.com/assets/images/resize/photo-medium/2735.png]
[www.judes.com/assets/images/resize/photo-medium/2736.png]
[www.judes.com/assets/images/resize/photo-medium/2737.png]
[www.judes.com/assets/images/resize/photo-medium/2739.png]
[www.judes.com/assets/images/resize/photo-medium/2738.png]
[www.judes.com/assets/images/resize/photo-medium/2740.png]
[www.judes.com/assets/images/resize/photo-medium/2741.png]
[www.judes.com/assets/images/resize/photo-medium/2742.png]
[www.judes.com/assets/images/resize/photo-medium/2743.png]
[www.judes.com/assets/images/resize/photo-medium/2744.png]
[www.judes.com/assets/images/resize/photo-medium/2745.png]
[www.judes.com/assets/images/resize/photo-medium/2746.png]
[www.judes.com/assets/images/resize/photo-medium/2747.png]
[www.judes.com/assets/images/resize/photo-medium/2748.png]
[www.judes.com/assets/images/resize/photo-medium/2749.png]
[www.judes.com/assets/images/resize/photo-medium/2750.png]
[www.judes.com/assets/images/resize/photo-medium/2751.png]
[www.judes.com/assets/images/resize/photo-medium/2752.png]
[www.judes.com/assets/images/resize/photo-medium/2753.png]
[www.judes.com/assets/images/resize/photo-medium/2754.png]
[www.judes.com/assets/images/resize/box/833.png]
[www.judes.com/assets/images/resize/box/1139.jpg]
[www.judes.com/products/ice-cream.html]
[www.judes.com/assets/images/resize/box/625.jpg]
[www.judes.com/about-us/our-story.html]
[www.judes.com/assets/images/resize/box/2350.jpg]
[www.judes.com/assets/images/resize/box/2327.jpg]
[www.judes.com/assets/images/resize/box/2303.jpg]
[www.judes.com/assets/images/resize/box/2301.jpg]
[www.judes.com/assets/images/resize/box/1829.jpg]
[www.judes.com/assets/images/resize/box/2287.jpg]
[www.judes.com/assets/images/resize/box/771.jpg]
[www.judes.com/assets/images/resize/box/2079.jpg]
[www.judes.com/assets/images/resize/box/1858.jpg]
[www.judes.com/assets/images/resize/box/1803.jpg]
[www.judes.com/assets/images/resize/box/1782.jpg]
[www.judes.com/assets/images/resize/box/1031.jpg]
[www.judes.com/assets/images/resize/box/1755.jpg]
[www.judes.com/assets/images/resize/box/1758.jpg]
[www.judes.com/assets/images/resize/box/1744.jpg]
[www.judes.com/assets/images/resize/box/1719.jpg]
[www.judes.com/assets/images/resize/box/1682.jpg]
[www.judes.com/assets/images/resize/box/1557.jpg]
[www.judes.com/recipes.html]
[www.judes.com/assets/images/resize/original/2395.png]
[www.judes.com/assets/images/resize/original/2396.png]
[www.judes.com/assets/images/resize/original/2397.png]
[www.judes.com/assets/images/resize/original/2398.png]
[www.judes.com/assets/images/resize/original/2673.png]
[www.judes.com/assets/images/resize/original/2399.png]
[www.judes.com/assets/images/resize/original/2400.png]
[www.judes.com/assets/images/resize/original/2401.png]
[www.judes.com/assets/images/resize/original/2402.png]
[www.judes.com/where-to-buy.html]
[www.judes.com/assets/images/resize/half/2579.png]
[www.judes.com/assets/images/resize/original/2579.png]
[www.judes.com/assets/images/resize/half/2580.png]
[www.judes.com/assets/images/resize/original/2580.png]
[www.judes.com/assets/images/resize/half/2554.png]
[www.judes.com/assets/images/resize/original/2554.png]
[www.judes.com/assets/images/resize/half/2581.png]
[www.judes.com/assets/images/resize/original/2581.png]
[www.judes.com/assets/images/resize/photo-medium/2755.png]
[www.judes.com/assets/images/resize/photo-medium/2756.png]
[www.judes.com/assets/images/resize/photo-medium/2757.png]
[www.judes.com/assets/images/resize/photo-medium/2758.png]
[www.judes.com/products/kids.html]
[www.judes.com/assets/images/resize/half/2328.png]
[www.judes.com/assets/images/resize/original/2328.png]
[www.judes.com/assets/images/resize/half/2174.png]
[www.judes.com/assets/images/resize/original/2174.png]
[www.judes.com/assets/images/resize/half/2173.png]
[www.judes.com/assets/images/resize/original/2173.png]
[www.judes.com/assets/images/resize/half/2247.png]
[www.judes.com/assets/images/resize/original/2247.png]
[www.judes.com/assets/images/resize/half/2248.png]
[www.judes.com/assets/images/resize/original/2248.png]
[www.judes.com/assets/images/resize/half/2165.png]
[www.judes.com/assets/images/resize/original/2165.png]
[www.judes.com/assets/images/resize/half/2166.png]
[www.judes.com/assets/images/resize/original/2166.png]
[www.judes.com/assets/images/resize/half/2372.png]
[www.judes.com/assets/images/resize/original/2372.png]
[www.judes.com/assets/images/resize/half/2195.png]
[www.judes.com/assets/images/resize/original/2195.png]
[www.judes.com/assets/images/resize/half/2196.png]
[www.judes.com/assets/images/resize/original/2196.png]
[www.judes.com/assets/images/resize/half/2197.png]
[www.judes.com/assets/images/resize/original/2197.png]
[www.judes.com/assets/images/resize/photo-medium/2759.png]
[www.judes.com/assets/images/resize/photo-medium/2760.png]
[www.judes.com/assets/images/resize/photo-medium/2761.png]
[www.judes.com/assets/images/resize/photo-medium/2762.png]
[www.judes.com/assets/images/resize/photo-medium/2763.png]
[www.judes.com/assets/images/resize/photo-medium/2764.png]
[www.judes.com/assets/images/resize/photo-medium/2765.png]
[www.judes.com/assets/images/resize/photo-medium/2766.png]
[www.judes.com/assets/images/resize/photo-medium/2767.png]
[www.judes.com/assets/images/resize/photo-medium/2768.png]
[www.judes.com/assets/images/resize/photo-medium/2769.png]
[www.judes.com/products/shakes-and-puds.html]
[www.judes.com/assets/images/resize/original/2659.jpg]
[www.judes.com/assets/images/resize/half/1645.png]
[www.judes.com/assets/images/resize/original/1645.png]
[www.judes.com/assets/images/resize/half/1653.png]
[www.judes.com/assets/images/resize/original/1653.png]
[www.judes.com/assets/images/resize/half/1644.png]
[www.judes.com/assets/images/resize/original/1644.png]
[www.judes.com/assets/images/resize/half/1646.png]
[www.judes.com/assets/images/resize/original/1646.png]
[www.judes.com/assets/images/resize/half/1650.png]
[www.judes.com/assets/images/resize/original/1650.png]
[www.judes.com/assets/images/resize/half/1651.png]
[www.judes.com/assets/images/resize/original/1651.png]
[www.judes.com/assets/images/resize/half/1652.png]
[www.judes.com/assets/images/resize/original/1652.png]
[www.judes.com/assets/images/resize/half/1654.png]
[www.judes.com/assets/images/resize/original/1654.png]
[www.judes.com/assets/images/resize/half/1655.png]
[www.judes.com/assets/images/resize/original/1655.png]
[www.judes.com/assets/images/resize/half/1656.png]
[www.judes.com/assets/images/resize/original/1656.png]
[www.judes.com/assets/images/resize/half/1657.png]
[www.judes.com/assets/images/resize/original/1657.png]
[www.judes.com/assets/images/resize/half/1658.png]
[www.judes.com/assets/images/resize/original/1658.png]
[www.judes.com/assets/images/resize/half/1659.png]
[www.judes.com/assets/images/resize/original/1659.png]
[www.judes.com/assets/images/resize/half/1660.png]
[www.judes.com/assets/images/resize/original/1660.png]
[www.judes.com/assets/images/resize/half/1661.png]
[www.judes.com/assets/images/resize/original/1661.png]
[www.judes.com/assets/images/resize/half/1663.png]
[www.judes.com/assets/images/resize/original/1663.png]
[www.judes.com/assets/images/resize/half/1664.png]
[www.judes.com/assets/images/resize/original/1664.png]
[www.judes.com/assets/images/resize/box/2476.jpg]
[www.judes.com/products/chefs-range.html]
[www.judes.com/assets/images/resize/box/1974.jpg]
[www.judes.com/about-us/our-purpose.html]
[www.judes.com/assets/images/resize/box/2704.jpg]
[www.judes.com/assets/images/resize/box/2676.jpg]
[www.judes.com/assets/images/resize/box/2650.jpg]
[www.judes.com/assets/images/resize/box/2500.png]
[www.judes.com/assets/images/resize/box/2501.png]
[www.judes.com/assets/images/resize/box/2527.jpg]
[www.judes.com/assets/images/resize/box/2444.jpg]
[www.judes.com/assets/images/resize/box/2420.jpg]
[www.judes.com/assets/images/resize/box/2529.jpg]
[www.judes.com/assets/images/resize/box/2332.jpg]
[www.judes.com/assets/images/resize/box/2283.jpg]
[www.judes.com/assets/images/resize/box/2243.jpg]
[www.judes.com/assets/images/resize/box/2228.jpg]
[www.judes.com/assets/images/resize/box/2223.jpg]
[www.judes.com/assets/images/resize/box/2194.jpg]
[www.judes.com/assets/images/resize/box/2186.jpg]
[www.judes.com/assets/images/resize/box/2086.jpg]
[www.judes.com/about-us/the-scoop.html]
[www.judes.com/assets/images/resize/box/2455.jpg]
[www.judes.com/assets/images/resize/box/2452.jpg]
[www.judes.com/assets/images/resize/box/1294.jpg]
[www.judes.com/assets/images/resize/box/1291.jpg]
[www.judes.com/assets/images/resize/box/1279.jpg]
[www.judes.com/assets/images/resize/box/1283.jpg]
[www.judes.com/assets/images/resize/box/1286.jpg]
[www.judes.com/assets/images/resize/box/1290.jpg]
[www.judes.com/assets/images/resize/box/1278.jpg]
[www.judes.com/assets/images/resize/box/1282.jpg]
[www.judes.com/assets/images/resize/box/1277.jpg]
[www.judes.com/assets/images/resize/box/1276.jpg]
[www.judes.com/assets/images/resize/box/1281.jpg]
[www.judes.com/assets/images/resize/box/1287.jpg]
[www.judes.com/assets/images/resize/box/2451.jpg]
[www.judes.com/assets/images/resize/box/2454.jpg]
[www.judes.com/assets/images/resize/box/2457.jpg]
[www.judes.com/assets/images/resize/box/728.png]
[www.judes.com/about-us/gallery.html]
[www.judes.com/contact.html]
[www.judes.com/about-us/the-scoop/award-winning-flavours.html]
[www.judes.com/assets/images/resize/photo-medium/2483.jpg]
[www.judes.com/assets/images/resize/photo-medium/2484.jpg]
[www.judes.com/assets/images/resize/photo-medium/2485.jpg]
[www.judes.com/about-us/the-scoop/more-fun-less-sugar.html]
[www.judes.com/about-us/the-scoop/b-corp.html]
[www.judes.com/assets/images/resize/photo-large/2656.jpg]
[www.judes.com/assets/images/resize/photo-large/2657.jpg]
[www.judes.com/about-us/the-scoop/our-new-recipe-book.html]
[www.judes.com/about-us/the-scoop/plant-based-and-totally-pawsome.html]
[www.judes.com/about-us/the-scoop/lloyds-bank-positive-social-and-sustainable-impact-award.html]
[www.google.com/recaptcha/api.js]
[www.judes.com/comp.html]
[www.judes.com/terms-and-conditions.html]
[www.judes.com/privacy-policy.html]
[www.judes.com/sitemap.html]
[www.judes.com/svg/arrow-right.svg]
[www.judes.com/svg/hello.svg]
[www.judes.com/svg/the-scoop.svg]
[www.judes.com/images/notice-failure.html]
[www.judes.com/images/notice-failure@x2.html]
[www.judes.com/svg/horizontal-divider.svg]
[www.judes.com/svg/instagram-uk.svg]
[www.judes.com/svg/arrow-left.svg]
[www.judes.com/svg/vertical-divider.svg]
[www.judes.com/assets/images/resize/original/2668.jpg]
[www.judes.com/recycling.html]
[www.judes.com/charity.html]
[www.judes.com/recipes/ice-cream-cup-cakes.html]
[www.judes.com/recipes/cookie-dough-cups-100-plant-based.html]
[www.judes.com/recipes/tropical-smoothie-bowl.html]
[www.judes.com/recipes/vegan-peanut-butter-ice-cream.html]
[www.judes.com/downloads/judes-barn-template.jpg]
[www.judes.com/recipes/make-your-own-gingerbread-cowbarn.html]
[www.judes.com/recipes/cinnamon-buns.html]
[www.judes.com/assets/images/resize/photo-large/839.html]
[www.judes.com/recipes/chocolate-brownie-mud-cake.html]
[www.judes.com/recipes/strawberries-and-cream-anyone.html]
[www.judes.com/recipes/vegan-coconut-ice-cream.html]
[www.judes.com/recipes/maple-pumpkin-pie.html]
[www.judes.com/recipes/the-ultimate-vanilla-ice-cream.html]
[www.judes.com/recipes/cocoa-and-berry-pavlova.html]
[www.judes.com/recipes/dark-chocolate-and-fresh-mint-baked-alaska.html]
[www.judes.com/recipes/one-ice-cream-four-seasons.html]
[www.judes.com/recipes/knickerbocker-glory.html]
[www.judes.com/recipes/malted-milk-ice-cream.html]
[www.judes.com/recipes/julias-double-chocolate-brownies.html]
[www.judes.com/recipes/vegan-double-dark-chocolate-ice-cream.html]
[www.judes.com/about-us/the-scoop/get-your-bake-on-with-our-custard.html]
[www.judes.com/about-us/the-scoop/hooray.html]
[www.judes.com/about-us/the-scoop/new-mint-chocolate-ice-cream.html]
[www.judes.com/about-us/the-scoop/new-plant-based-flavours.html]
[www.judes.com/about-us/the-scoop/new-plant-based-stickbars.html]
[www.judes.com/about-us/the-scoop/vadym-joins-the-team.html]
[www.judes.com/about-us/the-scoop/summer-in-a-bottle.html]
[www.judes.com/about-us/the-scoop/celebrate-good-times.html]
[www.judes.com/about-us/the-scoop/our-pledge-to-support-ukrainian-refugees.html]
[www.judes.com/about-us/the-scoop/limited-edition-plant-based-strawberry.html]
[www.judes.com/about-us/the-scoop/the-perfect-accompaniment-to-your-christmas-dessert.html]
[www.judes.com/about-us/the-scoop/lets-reach-our-climate-targets-together.html]
[www.judes.com/about-us/the-scoop/more-swirls-more-chunks-only-99-calories-or-less.html]
[www.judes.com/about-us/the-scoop/caramel-cookie-dough-brownie.html]
[www.judes.com/about-us/the-scoop/new-plant-based-shake-in-a-can.html]
[www.judes.com/about-us/the-scoop/introducing-vegan-custards.html]
[www.judes.com/about-us/the-scoop/trees-trees-trees.html]
[www.judes.com/about-us/the-scoop/hooray/&quot;https_/www.ocado.com/search.html]
[www.judes.com/about-us/the-scoop/hooray/&quot;https_/www.sainsburys.co.uk/gol-ui/SearchResults/Jude&#039;s&quot;&gt;Sainsbury&#039;s&lt;/a&gt;,&lt;a.html]
[www.judes.com/about-us/the-scoop/hooray/&quot;https_/www.waitrose.com/ecom/shop/search.html]
[www.judes.com/about-us/the-scoop/hooray/&quot;https_/www.tesco.com/groceries/en-GB/search.html]
[www.judes.com/low-sugar.html]
[www.judes.com/recipes/_https_/nourishingamy.com/__Amy.html]
[www.judes.com/recipes/_https_/www.instagram.com/nourishing.amy/__@nourishing.amy_/a_).html]
